// Jest Snapshot v1, https://jestjs.io/docs/snapshot-testing

exports[`catalog #13 — O's real win is the two-move 6,11 fork; the tempting one-move 7,11 'open-four' is a mirage voided by O's own pre-existing 12,11... a boxed five in disguise narrowCandidates ranked output 1`] = `
{
  "moves": [
    {
      "col": 10,
      "row": 7,
      "score": 10100,
    },
    {
      "col": 11,
      "row": 6,
      "score": 9910,
    },
    {
      "col": 12,
      "row": 9,
      "score": 4720,
    },
    {
      "col": 8,
      "row": 11,
      "score": 4520,
    },
    {
      "col": 12,
      "row": 14,
      "score": 4500,
    },
  ],
  "source": "tactical",
}
`;
